2025-07-03 17:51:02.456 | INFO     | src.xiaohongshu.client:publish_note:75 - 📝 开始发布小红书笔记: 🌞夏日逃离计划🏖️📸隐藏的避暑胜地！
2025-07-03 17:51:02.456 | INFO     | src.core.browser:create_driver:50 - 🚀 初始化Chrome浏览器驱动...
2025-07-03 17:51:02.457 | INFO     | src.core.browser:_create_chrome_options:126 - 🖥️ 启用有界面浏览器模式
2025-07-03 17:51:03.849 | INFO     | src.core.browser:create_driver:68 - ✅ Chrome浏览器驱动初始化成功
2025-07-03 17:51:03.850 | INFO     | src.core.browser:navigate_to_creator_center:188 - 🌐 导航到小红书创作者中心...
2025-07-03 17:51:08.954 | INFO     | src.core.browser:navigate_to_creator_center:198 - ✅ 成功访问创作者中心
2025-07-03 17:51:08.956 | INFO     | src.core.browser:load_cookies:223 - 🍪 开始加载 0 个cookies...
2025-07-03 17:51:08.957 | INFO     | src.core.browser:load_cookies:250 - ✅ Cookies加载完成: 成功 0, 失败 0
2025-07-03 17:51:15.914 | INFO     | src.xiaohongshu.client:publish_note:88 - 🍪 Cookies加载结果: {'success_count': 0, 'error_count': 0, 'total_count': 0}
2025-07-03 17:51:15.914 | INFO     | src.xiaohongshu.client:_publish_note_process:107 - 🌐 直接访问小红书发布页面...
2025-07-03 17:51:16.634 | INFO     | src.xiaohongshu.client:_publish_note_process:111 - ⏳ 等待页面基本加载...
2025-07-03 17:51:24.649 | INFO     | src.xiaohongshu.client:_publish_note_process:132 - ⏳ 等待页面元素完全渲染...
2025-07-03 17:51:32.044 | INFO     | src.xiaohongshu.client:_publish_note_process:140 - 📸 页面状态已截图保存: publish_page_screenshot.png
2025-07-03 17:51:32.048 | INFO     | src.xiaohongshu.client:_publish_note_process:144 - 📄 当前页面标题: 小红书创作服务平台
2025-07-03 17:51:32.065 | WARNING  | src.xiaohongshu.client:_publish_note_process:151 - ⚠️ 页面中未发现上传图片相关文字
2025-07-03 17:51:32.065 | INFO     | src.xiaohongshu.client:_switch_publish_mode:184 - 🔄 切换到图文发布模式...
2025-07-03 17:51:32.172 | INFO     | src.xiaohongshu.client:_switch_publish_mode:201 - ✅ 已切换到图文发布模式
2025-07-03 17:51:34.186 | INFO     | src.xiaohongshu.client:_handle_file_upload:248 - 📸 准备上传 3 张图片...
2025-07-03 17:51:34.186 | INFO     | src.xiaohongshu.client:_handle_file_upload:268 - 🔍 查找上传元素...
2025-07-03 17:51:34.273 | INFO     | src.xiaohongshu.client:_handle_file_upload:312 - ✅ 通过XPath找到上传元素: //input[@type='file']
2025-07-03 17:51:34.277 | INFO     | src.xiaohongshu.client:_handle_file_upload:374 - 📤 发送上传指令...
2025-07-03 17:51:34.300 | INFO     | src.xiaohongshu.client:_handle_file_upload:378 - ⏳ 等待上传完成...
2025-07-03 17:51:44.308 | INFO     | src.xiaohongshu.client:_handle_file_upload:388 - ✅ 文件上传处理完成
2025-07-03 17:51:46.314 | INFO     | src.xiaohongshu.client:_fill_note_content:474 - ✏️ 填写标题...
2025-07-03 17:51:46.329 | INFO     | src.xiaohongshu.client:_fill_note_content:492 - ✅ 找到标题输入框: .d-text
2025-07-03 17:51:46.414 | INFO     | src.xiaohongshu.client:_fill_note_content:502 - ✅ 标题已填写: 夏日逃离计划 ️ 隐藏的避暑胜地！
2025-07-03 17:51:46.415 | INFO     | src.xiaohongshu.client:_fill_note_content:509 - 📝 填写内容...
2025-07-03 17:51:46.428 | INFO     | src.xiaohongshu.client:_fill_note_content:526 - ✅ 找到内容输入框: .ql-editor
2025-07-03 17:51:48.833 | INFO     | src.xiaohongshu.client:_fill_note_content:548 - ✅ 内容已填写
2025-07-03 17:51:48.833 | INFO     | src.xiaohongshu.client:_fill_note_content:556 - 🏷️ 开始填写话题: ['夏日避暑胜地', '摄影旅行', '清凉一夏', '逃离城市热浪']
2025-07-03 17:51:48.833 | INFO     | src.xiaohongshu.components.content_filler:fill_topics:116 - 🏷️ 开始填写话题: ['夏日避暑胜地', '摄影旅行', '清凉一夏', '逃离城市热浪']
2025-07-03 17:51:52.521 | INFO     | src.xiaohongshu.components.content_filler:_find_content_editor:231 - ✅ 找到内容编辑器
2025-07-03 17:51:52.522 | INFO     | src.xiaohongshu.components.content_filler:_perform_topics_automation:361 - ✅ 找到内容编辑器，开始添加 4 个话题
2025-07-03 17:51:53.340 | INFO     | src.xiaohongshu.components.content_filler:_perform_topics_automation:378 - 🏷️ 添加话题 1/4: 夏日避暑胜地
2025-07-03 17:51:58.169 | INFO     | src.xiaohongshu.components.content_filler:_perform_topics_automation:388 - ✅ 话题 '夏日避暑胜地' 转换成功
2025-07-03 17:51:58.411 | INFO     | src.xiaohongshu.components.content_filler:_perform_topics_automation:378 - 🏷️ 添加话题 2/4: 摄影旅行
2025-07-03 17:52:02.847 | INFO     | src.xiaohongshu.components.content_filler:_perform_topics_automation:388 - ✅ 话题 '摄影旅行' 转换成功
2025-07-03 17:52:03.081 | INFO     | src.xiaohongshu.components.content_filler:_perform_topics_automation:378 - 🏷️ 添加话题 3/4: 清凉一夏
2025-07-03 17:52:07.783 | INFO     | src.xiaohongshu.components.content_filler:_perform_topics_automation:388 - ✅ 话题 '清凉一夏' 转换成功
2025-07-03 17:52:08.030 | INFO     | src.xiaohongshu.components.content_filler:_perform_topics_automation:378 - 🏷️ 添加话题 4/4: 逃离城市热浪
2025-07-03 17:52:12.958 | INFO     | src.xiaohongshu.components.content_filler:_perform_topics_automation:388 - ✅ 话题 '逃离城市热浪' 转换成功
2025-07-03 17:52:12.959 | INFO     | src.xiaohongshu.components.content_filler:_perform_topics_automation:405 - ✅ 话题添加完成: 4/4 个成功
2025-07-03 17:52:12.959 | INFO     | src.xiaohongshu.client:_fill_note_content:559 - ✅ 话题填写成功
2025-07-03 17:52:14.969 | INFO     | src.xiaohongshu.client:_submit_note:574 - 🚀 点击发布按钮...
2025-07-03 17:52:14.987 | INFO     | src.xiaohongshu.client:_submit_note:594 - ✅ 找到发布按钮: .publishBtn
2025-07-03 17:52:15.279 | INFO     | src.xiaohongshu.client:_submit_note:603 - ✅ 发布按钮已点击
2025-07-03 17:52:18.297 | INFO     | src.xiaohongshu.client:_submit_note:607 - 📍 发布后页面URL: https://creator.xiaohongshu.com/publish/success?source&bind_status=not_bind&__debugger__=&proxy=
2025-07-03 20:48:57.808 | INFO     | src.xiaohongshu.client:publish_note:75 - 📝 开始发布小红书笔记: 🌞🧊夏日避暑秘籍🏞️，旅摄达人必看！
2025-07-03 20:48:57.809 | INFO     | src.core.browser:create_driver:50 - 🚀 初始化Chrome浏览器驱动...
2025-07-03 20:48:57.810 | INFO     | src.core.browser:_create_chrome_options:126 - 🖥️ 启用有界面浏览器模式
2025-07-03 20:49:00.092 | INFO     | src.core.browser:create_driver:68 - ✅ Chrome浏览器驱动初始化成功
2025-07-03 20:49:00.092 | INFO     | src.core.browser:navigate_to_creator_center:188 - 🌐 导航到小红书创作者中心...
2025-07-03 20:49:06.702 | INFO     | src.core.browser:navigate_to_creator_center:198 - ✅ 成功访问创作者中心
2025-07-03 20:49:06.703 | INFO     | src.core.browser:load_cookies:223 - 🍪 开始加载 0 个cookies...
2025-07-03 20:49:06.703 | INFO     | src.core.browser:load_cookies:250 - ✅ Cookies加载完成: 成功 0, 失败 0
2025-07-03 20:49:09.409 | INFO     | src.xiaohongshu.client:publish_note:88 - 🍪 Cookies加载结果: {'success_count': 0, 'error_count': 0, 'total_count': 0}
2025-07-03 20:49:09.409 | INFO     | src.xiaohongshu.client:_publish_note_process:107 - 🌐 直接访问小红书发布页面...
2025-07-03 20:49:09.900 | INFO     | src.xiaohongshu.client:_publish_note_process:111 - ⏳ 等待页面基本加载...
2025-07-03 20:49:17.920 | INFO     | src.xiaohongshu.client:_publish_note_process:132 - ⏳ 等待页面元素完全渲染...
2025-07-03 20:49:23.091 | INFO     | src.xiaohongshu.client:_publish_note_process:140 - 📸 页面状态已截图保存: publish_page_screenshot.png
2025-07-03 20:49:23.095 | INFO     | src.xiaohongshu.client:_publish_note_process:144 - 📄 当前页面标题: 小红书创作服务平台
2025-07-03 20:49:23.115 | WARNING  | src.xiaohongshu.client:_publish_note_process:151 - ⚠️ 页面中未发现上传图片相关文字
2025-07-03 20:49:23.116 | INFO     | src.xiaohongshu.client:_switch_publish_mode:184 - 🔄 切换到图文发布模式...
2025-07-03 20:49:23.225 | INFO     | src.xiaohongshu.client:_switch_publish_mode:201 - ✅ 已切换到图文发布模式
2025-07-03 20:49:25.239 | INFO     | src.xiaohongshu.client:_handle_file_upload:248 - 📸 准备上传 3 张图片...
2025-07-03 20:49:25.239 | INFO     | src.xiaohongshu.client:_handle_file_upload:268 - 🔍 查找上传元素...
2025-07-03 20:49:25.340 | INFO     | src.xiaohongshu.client:_handle_file_upload:312 - ✅ 通过XPath找到上传元素: //input[@type='file']
2025-07-03 20:49:25.343 | INFO     | src.xiaohongshu.client:_handle_file_upload:374 - 📤 发送上传指令...
2025-07-03 20:49:25.369 | INFO     | src.xiaohongshu.client:_handle_file_upload:378 - ⏳ 等待上传完成...
2025-07-03 20:49:35.376 | INFO     | src.xiaohongshu.client:_handle_file_upload:388 - ✅ 文件上传处理完成
2025-07-03 20:49:37.382 | INFO     | src.xiaohongshu.client:_fill_note_content:474 - ✏️ 填写标题...
2025-07-03 20:49:37.407 | INFO     | src.xiaohongshu.client:_fill_note_content:492 - ✅ 找到标题输入框: .d-text
2025-07-03 20:49:37.481 | INFO     | src.xiaohongshu.client:_fill_note_content:502 - ✅ 标题已填写: 夏日避暑秘籍 ️，旅摄达人必看！
2025-07-03 20:49:37.482 | INFO     | src.xiaohongshu.client:_fill_note_content:509 - 📝 填写内容...
2025-07-03 20:49:37.495 | INFO     | src.xiaohongshu.client:_fill_note_content:526 - ✅ 找到内容输入框: .ql-editor
2025-07-03 20:49:39.555 | INFO     | src.xiaohongshu.client:_fill_note_content:548 - ✅ 内容已填写
2025-07-03 20:49:39.555 | INFO     | src.xiaohongshu.client:_fill_note_content:556 - 🏷️ 开始填写话题: ['夏日避暑秘籍', '旅摄达人必看', '清凉一夏']
2025-07-03 20:49:39.555 | INFO     | src.xiaohongshu.components.content_filler:fill_topics:116 - 🏷️ 开始填写话题: ['夏日避暑秘籍', '旅摄达人必看', '清凉一夏']
2025-07-03 20:49:42.459 | INFO     | src.xiaohongshu.components.content_filler:_find_content_editor:231 - ✅ 找到内容编辑器
2025-07-03 20:49:42.459 | INFO     | src.xiaohongshu.components.content_filler:_perform_topics_automation:361 - ✅ 找到内容编辑器，开始添加 3 个话题
2025-07-03 20:49:43.289 | INFO     | src.xiaohongshu.components.content_filler:_perform_topics_automation:378 - 🏷️ 添加话题 1/3: 夏日避暑秘籍
2025-07-03 20:49:48.155 | INFO     | src.xiaohongshu.components.content_filler:_perform_topics_automation:388 - ✅ 话题 '夏日避暑秘籍' 转换成功
2025-07-03 20:49:48.400 | INFO     | src.xiaohongshu.components.content_filler:_perform_topics_automation:378 - 🏷️ 添加话题 2/3: 旅摄达人必看
2025-07-03 20:49:53.333 | INFO     | src.xiaohongshu.components.content_filler:_perform_topics_automation:388 - ✅ 话题 '旅摄达人必看' 转换成功
2025-07-03 20:49:53.571 | INFO     | src.xiaohongshu.components.content_filler:_perform_topics_automation:378 - 🏷️ 添加话题 3/3: 清凉一夏
2025-07-03 20:49:58.076 | INFO     | src.xiaohongshu.components.content_filler:_perform_topics_automation:388 - ✅ 话题 '清凉一夏' 转换成功
2025-07-03 20:49:58.076 | INFO     | src.xiaohongshu.components.content_filler:_perform_topics_automation:405 - ✅ 话题添加完成: 3/3 个成功
2025-07-03 20:49:58.077 | INFO     | src.xiaohongshu.client:_fill_note_content:559 - ✅ 话题填写成功
2025-07-03 20:50:00.079 | INFO     | src.xiaohongshu.client:_submit_note:574 - 🚀 点击发布按钮...
2025-07-03 20:50:00.098 | INFO     | src.xiaohongshu.client:_submit_note:594 - ✅ 找到发布按钮: .publishBtn
2025-07-03 20:50:00.379 | INFO     | src.xiaohongshu.client:_submit_note:603 - ✅ 发布按钮已点击
2025-07-03 20:50:03.391 | INFO     | src.xiaohongshu.client:_submit_note:607 - 📍 发布后页面URL: https://creator.xiaohongshu.com/publish/success?source&bind_status=not_bind&__debugger__=&proxy=
2025-07-05 23:18:25.086 | INFO     | src.xiaohongshu.client:publish_note:77 - 📝 开始发布小红书笔记: 追剧党别瞎化！这妆让你秒变女主💄🔥
2025-07-05 23:18:25.087 | INFO     | src.core.browser:create_driver:50 - 🚀 初始化Chrome浏览器驱动...
2025-07-05 23:18:25.087 | INFO     | src.core.browser:_create_chrome_options:126 - 🖥️ 启用有界面浏览器模式
2025-07-05 23:18:26.386 | INFO     | src.core.browser:create_driver:68 - ✅ Chrome浏览器驱动初始化成功
2025-07-05 23:18:26.386 | INFO     | src.core.browser:navigate_to_creator_center:188 - 🌐 导航到小红书创作者中心...
2025-07-05 23:18:30.974 | INFO     | src.core.browser:navigate_to_creator_center:198 - ✅ 成功访问创作者中心
2025-07-05 23:18:30.974 | INFO     | src.core.browser:load_cookies:223 - 🍪 开始加载 0 个cookies...
2025-07-05 23:18:30.974 | INFO     | src.core.browser:load_cookies:250 - ✅ Cookies加载完成: 成功 0, 失败 0
2025-07-05 23:18:33.769 | INFO     | src.xiaohongshu.client:publish_note:90 - 🍪 Cookies加载结果: {'success_count': 0, 'error_count': 0, 'total_count': 0}
2025-07-05 23:18:33.770 | INFO     | src.xiaohongshu.client:_publish_note_process:112 - 🌐 直接访问小红书发布页面...
2025-07-05 23:18:34.637 | INFO     | src.xiaohongshu.client:_publish_note_process:116 - ⏳ 等待页面基本加载...
2025-07-05 23:18:42.648 | INFO     | src.xiaohongshu.client:_publish_note_process:137 - ⏳ 等待页面元素完全渲染...
2025-07-05 23:18:48.151 | INFO     | src.xiaohongshu.client:_publish_note_process:145 - 📸 页面状态已截图保存: publish_page_screenshot.png
2025-07-05 23:18:48.155 | INFO     | src.xiaohongshu.client:_publish_note_process:149 - 📄 当前页面标题: 小红书创作服务平台
2025-07-05 23:18:48.174 | WARNING  | src.xiaohongshu.client:_publish_note_process:156 - ⚠️ 页面中未发现上传图片相关文字
2025-07-05 23:18:48.175 | INFO     | src.xiaohongshu.client:_switch_publish_mode:189 - 🔄 切换到图文发布模式...
2025-07-05 23:18:48.183 | WARNING  | src.xiaohongshu.client:_switch_publish_mode:209 - ⚠️ 未找到图文发布选项卡，可能已经在图文模式
2025-07-05 23:18:48.184 | INFO     | src.xiaohongshu.client:_handle_file_upload:253 - 📸 准备上传 3 张图片...
2025-07-05 23:18:48.184 | INFO     | src.xiaohongshu.client:_handle_file_upload:273 - 🔍 查找上传元素...
2025-07-05 23:18:48.302 | INFO     | src.xiaohongshu.client:_handle_file_upload:332 - 尝试查找上传按钮...
2025-07-05 23:18:48.346 | ERROR    | src.xiaohongshu.client:_handle_file_upload:399 - ❌ 未找到文件上传元素
2025-07-05 23:18:50.826 | INFO     | src.xiaohongshu.client:_fill_note_content:482 - ✏️ 填写标题...
2025-07-05 23:21:26.461 | INFO     | src.xiaohongshu.client:publish_note:77 - 📝 开始发布小红书笔记: 追剧熬夜脸？这急救妆秒回18岁！💄🔥
2025-07-05 23:21:26.461 | INFO     | src.core.browser:create_driver:50 - 🚀 初始化Chrome浏览器驱动...
2025-07-05 23:21:26.461 | INFO     | src.core.browser:_create_chrome_options:126 - 🖥️ 启用有界面浏览器模式
2025-07-05 23:21:27.759 | INFO     | src.core.browser:create_driver:68 - ✅ Chrome浏览器驱动初始化成功
2025-07-05 23:21:27.759 | INFO     | src.core.browser:navigate_to_creator_center:188 - 🌐 导航到小红书创作者中心...
2025-07-05 23:21:31.180 | INFO     | src.core.browser:navigate_to_creator_center:198 - ✅ 成功访问创作者中心
2025-07-05 23:21:31.180 | INFO     | src.core.browser:load_cookies:223 - 🍪 开始加载 0 个cookies...
2025-07-05 23:21:31.181 | INFO     | src.core.browser:load_cookies:250 - ✅ Cookies加载完成: 成功 0, 失败 0
2025-07-05 23:21:33.907 | INFO     | src.xiaohongshu.client:publish_note:90 - 🍪 Cookies加载结果: {'success_count': 0, 'error_count': 0, 'total_count': 0}
2025-07-05 23:21:33.907 | INFO     | src.xiaohongshu.client:_publish_note_process:112 - 🌐 直接访问小红书发布页面...
2025-07-05 23:21:34.462 | INFO     | src.xiaohongshu.client:_publish_note_process:116 - ⏳ 等待页面基本加载...
2025-07-05 23:21:42.473 | INFO     | src.xiaohongshu.client:_publish_note_process:137 - ⏳ 等待页面元素完全渲染...
2025-07-05 23:21:47.925 | INFO     | src.xiaohongshu.client:_publish_note_process:145 - 📸 页面状态已截图保存: publish_page_screenshot.png
2025-07-05 23:21:47.930 | INFO     | src.xiaohongshu.client:_publish_note_process:149 - 📄 当前页面标题: 小红书创作服务平台
2025-07-05 23:21:47.948 | WARNING  | src.xiaohongshu.client:_publish_note_process:156 - ⚠️ 页面中未发现上传图片相关文字
2025-07-05 23:21:47.949 | INFO     | src.xiaohongshu.client:_switch_publish_mode:189 - 🔄 切换到图文发布模式...
2025-07-05 23:21:47.957 | WARNING  | src.xiaohongshu.client:_switch_publish_mode:209 - ⚠️ 未找到图文发布选项卡，可能已经在图文模式
2025-07-05 23:21:47.957 | INFO     | src.xiaohongshu.client:_handle_file_upload:253 - 📸 准备上传 3 张图片...
2025-07-05 23:21:47.957 | INFO     | src.xiaohongshu.client:_handle_file_upload:273 - 🔍 查找上传元素...
2025-07-05 23:21:48.048 | INFO     | src.xiaohongshu.client:_handle_file_upload:332 - 尝试查找上传按钮...
2025-07-05 23:21:48.094 | ERROR    | src.xiaohongshu.client:_handle_file_upload:399 - ❌ 未找到文件上传元素
2025-07-05 23:21:50.560 | INFO     | src.xiaohongshu.client:_fill_note_content:482 - ✏️ 填写标题...
2025-07-05 23:25:18.673 | INFO     | src.xiaohongshu.client:publish_note:77 - 📝 开始发布小红书笔记: 熬夜追剧脸不垮？这招美妆急救绝了！💄✨
2025-07-05 23:25:18.673 | INFO     | src.core.browser:create_driver:50 - 🚀 初始化Chrome浏览器驱动...
2025-07-05 23:25:18.674 | INFO     | src.core.browser:_create_chrome_options:126 - 🖥️ 启用有界面浏览器模式
2025-07-05 23:25:19.906 | INFO     | src.core.browser:create_driver:68 - ✅ Chrome浏览器驱动初始化成功
2025-07-05 23:25:19.907 | INFO     | src.core.browser:navigate_to_creator_center:188 - 🌐 导航到小红书创作者中心...
2025-07-05 23:37:45.880 | INFO     | src.xiaohongshu.client:publish_note:77 - 📝 开始发布小红书笔记: 追剧党的脸也配叫脸？5分钟换头术💄👀
2025-07-05 23:37:45.880 | INFO     | src.core.browser:create_driver:50 - 🚀 初始化Chrome浏览器驱动...
2025-07-05 23:37:45.880 | INFO     | src.core.browser:_create_chrome_options:126 - 🖥️ 启用有界面浏览器模式
2025-07-05 23:37:47.178 | INFO     | src.core.browser:create_driver:68 - ✅ Chrome浏览器驱动初始化成功
2025-07-05 23:37:47.178 | INFO     | src.core.browser:navigate_to_creator_center:188 - 🌐 导航到小红书创作者中心...
2025-07-05 23:37:53.300 | INFO     | src.core.browser:navigate_to_creator_center:198 - ✅ 成功访问创作者中心
2025-07-05 23:37:53.302 | INFO     | src.core.browser:load_cookies:223 - 🍪 开始加载 0 个cookies...
2025-07-05 23:37:53.302 | INFO     | src.core.browser:load_cookies:250 - ✅ Cookies加载完成: 成功 0, 失败 0
2025-07-05 23:37:56.801 | INFO     | src.xiaohongshu.client:publish_note:90 - 🍪 Cookies加载结果: {'success_count': 0, 'error_count': 0, 'total_count': 0}
2025-07-05 23:37:56.801 | INFO     | src.xiaohongshu.client:_publish_note_process:112 - 🌐 直接访问小红书发布页面...
2025-07-05 23:37:58.784 | INFO     | src.xiaohongshu.client:_publish_note_process:116 - ⏳ 等待页面基本加载...
2025-07-05 23:38:06.798 | INFO     | src.xiaohongshu.client:_publish_note_process:137 - ⏳ 等待页面元素完全渲染...
2025-07-05 23:38:12.395 | INFO     | src.xiaohongshu.client:_publish_note_process:145 - 📸 页面状态已截图保存: publish_page_screenshot.png
2025-07-05 23:38:12.399 | INFO     | src.xiaohongshu.client:_publish_note_process:149 - 📄 当前页面标题: 小红书创作服务平台
2025-07-05 23:38:12.418 | WARNING  | src.xiaohongshu.client:_publish_note_process:156 - ⚠️ 页面中未发现上传图片相关文字
2025-07-05 23:38:12.418 | INFO     | src.xiaohongshu.client:_switch_publish_mode:189 - 🔄 切换到图文发布模式...
2025-07-05 23:38:12.432 | WARNING  | src.xiaohongshu.client:_switch_publish_mode:209 - ⚠️ 未找到图文发布选项卡，可能已经在图文模式
2025-07-05 23:38:12.432 | INFO     | src.xiaohongshu.client:_handle_file_upload:253 - 📸 准备上传 3 张图片...
2025-07-05 23:38:12.432 | INFO     | src.xiaohongshu.client:_handle_file_upload:273 - 🔍 查找上传元素...
2025-07-05 23:38:12.731 | INFO     | src.xiaohongshu.client:_handle_file_upload:332 - 尝试查找上传按钮...
2025-07-05 23:38:12.782 | ERROR    | src.xiaohongshu.client:_handle_file_upload:399 - ❌ 未找到文件上传元素
2025-07-05 23:38:15.205 | INFO     | src.xiaohongshu.client:_fill_note_content:482 - ✏️ 填写标题...
2025-07-06 00:07:06.307 | INFO     | src.xiaohongshu.client:publish_note:77 - 📝 开始发布小红书笔记: 《追剧党别瞎化！这些雷品让你丑到弃剧💄🤡》
2025-07-06 00:07:06.307 | INFO     | src.core.browser:create_driver:50 - 🚀 初始化Chrome浏览器驱动...
2025-07-06 00:07:06.308 | INFO     | src.core.browser:_create_chrome_options:126 - 🖥️ 启用有界面浏览器模式
2025-07-06 00:07:07.557 | INFO     | src.core.browser:create_driver:68 - ✅ Chrome浏览器驱动初始化成功
2025-07-06 00:07:07.557 | INFO     | src.core.browser:navigate_to_creator_center:188 - 🌐 导航到小红书创作者中心...
2025-07-06 00:07:14.606 | INFO     | src.core.browser:navigate_to_creator_center:198 - ✅ 成功访问创作者中心
2025-07-06 00:07:14.606 | INFO     | src.core.browser:load_cookies:223 - 🍪 开始加载 0 个cookies...
2025-07-06 00:07:14.606 | INFO     | src.core.browser:load_cookies:250 - ✅ Cookies加载完成: 成功 0, 失败 0
2025-07-06 00:07:18.117 | INFO     | src.xiaohongshu.client:publish_note:90 - 🍪 Cookies加载结果: {'success_count': 0, 'error_count': 0, 'total_count': 0}
2025-07-06 00:07:18.117 | INFO     | src.xiaohongshu.client:_publish_note_process:112 - 🌐 直接访问小红书发布页面...
2025-07-06 00:07:20.107 | INFO     | src.xiaohongshu.client:_publish_note_process:116 - ⏳ 等待页面基本加载...
2025-07-06 00:07:28.116 | INFO     | src.xiaohongshu.client:_publish_note_process:137 - ⏳ 等待页面元素完全渲染...
2025-07-06 00:07:33.624 | INFO     | src.xiaohongshu.client:_publish_note_process:145 - 📸 页面状态已截图保存: publish_page_screenshot.png
2025-07-06 00:07:33.632 | INFO     | src.xiaohongshu.client:_publish_note_process:149 - 📄 当前页面标题: 小红书创作服务平台
2025-07-06 00:07:33.656 | WARNING  | src.xiaohongshu.client:_publish_note_process:156 - ⚠️ 页面中未发现上传图片相关文字
2025-07-06 00:07:33.657 | INFO     | src.xiaohongshu.client:_switch_publish_mode:189 - 🔄 切换到图文发布模式...
2025-07-06 00:07:33.669 | WARNING  | src.xiaohongshu.client:_switch_publish_mode:209 - ⚠️ 未找到图文发布选项卡，可能已经在图文模式
2025-07-06 00:07:33.670 | INFO     | src.xiaohongshu.client:_handle_file_upload:253 - 📸 准备上传 3 张图片...
2025-07-06 00:07:33.670 | INFO     | src.xiaohongshu.client:_handle_file_upload:273 - 🔍 查找上传元素...
2025-07-06 00:07:33.788 | INFO     | src.xiaohongshu.client:_handle_file_upload:332 - 尝试查找上传按钮...
2025-07-06 00:07:33.844 | ERROR    | src.xiaohongshu.client:_handle_file_upload:399 - ❌ 未找到文件上传元素
2025-07-06 00:07:36.365 | INFO     | src.xiaohongshu.client:_fill_note_content:482 - ✏️ 填写标题...
