2025-07-03 17:51:02.456 | INFO     | src.xiaohongshu.client:publish_note:75 - 📝 开始发布小红书笔记: 🌞夏日逃离计划🏖️📸隐藏的避暑胜地！
2025-07-03 17:51:02.456 | INFO     | src.core.browser:create_driver:50 - 🚀 初始化Chrome浏览器驱动...
2025-07-03 17:51:02.457 | INFO     | src.core.browser:_create_chrome_options:126 - 🖥️ 启用有界面浏览器模式
2025-07-03 17:51:03.849 | INFO     | src.core.browser:create_driver:68 - ✅ Chrome浏览器驱动初始化成功
2025-07-03 17:51:03.850 | INFO     | src.core.browser:navigate_to_creator_center:188 - 🌐 导航到小红书创作者中心...
2025-07-03 17:51:08.954 | INFO     | src.core.browser:navigate_to_creator_center:198 - ✅ 成功访问创作者中心
2025-07-03 17:51:08.956 | INFO     | src.core.browser:load_cookies:223 - 🍪 开始加载 0 个cookies...
2025-07-03 17:51:08.957 | INFO     | src.core.browser:load_cookies:250 - ✅ Cookies加载完成: 成功 0, 失败 0
2025-07-03 17:51:15.914 | INFO     | src.xiaohongshu.client:publish_note:88 - 🍪 Cookies加载结果: {'success_count': 0, 'error_count': 0, 'total_count': 0}
2025-07-03 17:51:15.914 | INFO     | src.xiaohongshu.client:_publish_note_process:107 - 🌐 直接访问小红书发布页面...
2025-07-03 17:51:16.634 | INFO     | src.xiaohongshu.client:_publish_note_process:111 - ⏳ 等待页面基本加载...
2025-07-03 17:51:24.649 | INFO     | src.xiaohongshu.client:_publish_note_process:132 - ⏳ 等待页面元素完全渲染...
2025-07-03 17:51:32.044 | INFO     | src.xiaohongshu.client:_publish_note_process:140 - 📸 页面状态已截图保存: publish_page_screenshot.png
2025-07-03 17:51:32.048 | INFO     | src.xiaohongshu.client:_publish_note_process:144 - 📄 当前页面标题: 小红书创作服务平台
2025-07-03 17:51:32.065 | WARNING  | src.xiaohongshu.client:_publish_note_process:151 - ⚠️ 页面中未发现上传图片相关文字
2025-07-03 17:51:32.065 | INFO     | src.xiaohongshu.client:_switch_publish_mode:184 - 🔄 切换到图文发布模式...
2025-07-03 17:51:32.172 | INFO     | src.xiaohongshu.client:_switch_publish_mode:201 - ✅ 已切换到图文发布模式
2025-07-03 17:51:34.186 | INFO     | src.xiaohongshu.client:_handle_file_upload:248 - 📸 准备上传 3 张图片...
2025-07-03 17:51:34.186 | INFO     | src.xiaohongshu.client:_handle_file_upload:268 - 🔍 查找上传元素...
2025-07-03 17:51:34.273 | INFO     | src.xiaohongshu.client:_handle_file_upload:312 - ✅ 通过XPath找到上传元素: //input[@type='file']
2025-07-03 17:51:34.277 | INFO     | src.xiaohongshu.client:_handle_file_upload:374 - 📤 发送上传指令...
2025-07-03 17:51:34.300 | INFO     | src.xiaohongshu.client:_handle_file_upload:378 - ⏳ 等待上传完成...
2025-07-03 17:51:44.308 | INFO     | src.xiaohongshu.client:_handle_file_upload:388 - ✅ 文件上传处理完成
2025-07-03 17:51:46.314 | INFO     | src.xiaohongshu.client:_fill_note_content:474 - ✏️ 填写标题...
2025-07-03 17:51:46.329 | INFO     | src.xiaohongshu.client:_fill_note_content:492 - ✅ 找到标题输入框: .d-text
2025-07-03 17:51:46.414 | INFO     | src.xiaohongshu.client:_fill_note_content:502 - ✅ 标题已填写: 夏日逃离计划 ️ 隐藏的避暑胜地！
2025-07-03 17:51:46.415 | INFO     | src.xiaohongshu.client:_fill_note_content:509 - 📝 填写内容...
2025-07-03 17:51:46.428 | INFO     | src.xiaohongshu.client:_fill_note_content:526 - ✅ 找到内容输入框: .ql-editor
2025-07-03 17:51:48.833 | INFO     | src.xiaohongshu.client:_fill_note_content:548 - ✅ 内容已填写
2025-07-03 17:51:48.833 | INFO     | src.xiaohongshu.client:_fill_note_content:556 - 🏷️ 开始填写话题: ['夏日避暑胜地', '摄影旅行', '清凉一夏', '逃离城市热浪']
2025-07-03 17:51:48.833 | INFO     | src.xiaohongshu.components.content_filler:fill_topics:116 - 🏷️ 开始填写话题: ['夏日避暑胜地', '摄影旅行', '清凉一夏', '逃离城市热浪']
2025-07-03 17:51:52.521 | INFO     | src.xiaohongshu.components.content_filler:_find_content_editor:231 - ✅ 找到内容编辑器
2025-07-03 17:51:52.522 | INFO     | src.xiaohongshu.components.content_filler:_perform_topics_automation:361 - ✅ 找到内容编辑器，开始添加 4 个话题
2025-07-03 17:51:53.340 | INFO     | src.xiaohongshu.components.content_filler:_perform_topics_automation:378 - 🏷️ 添加话题 1/4: 夏日避暑胜地
2025-07-03 17:51:58.169 | INFO     | src.xiaohongshu.components.content_filler:_perform_topics_automation:388 - ✅ 话题 '夏日避暑胜地' 转换成功
2025-07-03 17:51:58.411 | INFO     | src.xiaohongshu.components.content_filler:_perform_topics_automation:378 - 🏷️ 添加话题 2/4: 摄影旅行
2025-07-03 17:52:02.847 | INFO     | src.xiaohongshu.components.content_filler:_perform_topics_automation:388 - ✅ 话题 '摄影旅行' 转换成功
2025-07-03 17:52:03.081 | INFO     | src.xiaohongshu.components.content_filler:_perform_topics_automation:378 - 🏷️ 添加话题 3/4: 清凉一夏
2025-07-03 17:52:07.783 | INFO     | src.xiaohongshu.components.content_filler:_perform_topics_automation:388 - ✅ 话题 '清凉一夏' 转换成功
2025-07-03 17:52:08.030 | INFO     | src.xiaohongshu.components.content_filler:_perform_topics_automation:378 - 🏷️ 添加话题 4/4: 逃离城市热浪
2025-07-03 17:52:12.958 | INFO     | src.xiaohongshu.components.content_filler:_perform_topics_automation:388 - ✅ 话题 '逃离城市热浪' 转换成功
2025-07-03 17:52:12.959 | INFO     | src.xiaohongshu.components.content_filler:_perform_topics_automation:405 - ✅ 话题添加完成: 4/4 个成功
2025-07-03 17:52:12.959 | INFO     | src.xiaohongshu.client:_fill_note_content:559 - ✅ 话题填写成功
2025-07-03 17:52:14.969 | INFO     | src.xiaohongshu.client:_submit_note:574 - 🚀 点击发布按钮...
2025-07-03 17:52:14.987 | INFO     | src.xiaohongshu.client:_submit_note:594 - ✅ 找到发布按钮: .publishBtn
2025-07-03 17:52:15.279 | INFO     | src.xiaohongshu.client:_submit_note:603 - ✅ 发布按钮已点击
2025-07-03 17:52:18.297 | INFO     | src.xiaohongshu.client:_submit_note:607 - 📍 发布后页面URL: https://creator.xiaohongshu.com/publish/success?source&bind_status=not_bind&__debugger__=&proxy=
2025-07-03 20:48:57.808 | INFO     | src.xiaohongshu.client:publish_note:75 - 📝 开始发布小红书笔记: 🌞🧊夏日避暑秘籍🏞️，旅摄达人必看！
2025-07-03 20:48:57.809 | INFO     | src.core.browser:create_driver:50 - 🚀 初始化Chrome浏览器驱动...
2025-07-03 20:48:57.810 | INFO     | src.core.browser:_create_chrome_options:126 - 🖥️ 启用有界面浏览器模式
2025-07-03 20:49:00.092 | INFO     | src.core.browser:create_driver:68 - ✅ Chrome浏览器驱动初始化成功
2025-07-03 20:49:00.092 | INFO     | src.core.browser:navigate_to_creator_center:188 - 🌐 导航到小红书创作者中心...
2025-07-03 20:49:06.702 | INFO     | src.core.browser:navigate_to_creator_center:198 - ✅ 成功访问创作者中心
2025-07-03 20:49:06.703 | INFO     | src.core.browser:load_cookies:223 - 🍪 开始加载 0 个cookies...
2025-07-03 20:49:06.703 | INFO     | src.core.browser:load_cookies:250 - ✅ Cookies加载完成: 成功 0, 失败 0
2025-07-03 20:49:09.409 | INFO     | src.xiaohongshu.client:publish_note:88 - 🍪 Cookies加载结果: {'success_count': 0, 'error_count': 0, 'total_count': 0}
2025-07-03 20:49:09.409 | INFO     | src.xiaohongshu.client:_publish_note_process:107 - 🌐 直接访问小红书发布页面...
2025-07-03 20:49:09.900 | INFO     | src.xiaohongshu.client:_publish_note_process:111 - ⏳ 等待页面基本加载...
2025-07-03 20:49:17.920 | INFO     | src.xiaohongshu.client:_publish_note_process:132 - ⏳ 等待页面元素完全渲染...
2025-07-03 20:49:23.091 | INFO     | src.xiaohongshu.client:_publish_note_process:140 - 📸 页面状态已截图保存: publish_page_screenshot.png
2025-07-03 20:49:23.095 | INFO     | src.xiaohongshu.client:_publish_note_process:144 - 📄 当前页面标题: 小红书创作服务平台
2025-07-03 20:49:23.115 | WARNING  | src.xiaohongshu.client:_publish_note_process:151 - ⚠️ 页面中未发现上传图片相关文字
2025-07-03 20:49:23.116 | INFO     | src.xiaohongshu.client:_switch_publish_mode:184 - 🔄 切换到图文发布模式...
2025-07-03 20:49:23.225 | INFO     | src.xiaohongshu.client:_switch_publish_mode:201 - ✅ 已切换到图文发布模式
2025-07-03 20:49:25.239 | INFO     | src.xiaohongshu.client:_handle_file_upload:248 - 📸 准备上传 3 张图片...
2025-07-03 20:49:25.239 | INFO     | src.xiaohongshu.client:_handle_file_upload:268 - 🔍 查找上传元素...
2025-07-03 20:49:25.340 | INFO     | src.xiaohongshu.client:_handle_file_upload:312 - ✅ 通过XPath找到上传元素: //input[@type='file']
2025-07-03 20:49:25.343 | INFO     | src.xiaohongshu.client:_handle_file_upload:374 - 📤 发送上传指令...
2025-07-03 20:49:25.369 | INFO     | src.xiaohongshu.client:_handle_file_upload:378 - ⏳ 等待上传完成...
2025-07-03 20:49:35.376 | INFO     | src.xiaohongshu.client:_handle_file_upload:388 - ✅ 文件上传处理完成
2025-07-03 20:49:37.382 | INFO     | src.xiaohongshu.client:_fill_note_content:474 - ✏️ 填写标题...
2025-07-03 20:49:37.407 | INFO     | src.xiaohongshu.client:_fill_note_content:492 - ✅ 找到标题输入框: .d-text
2025-07-03 20:49:37.481 | INFO     | src.xiaohongshu.client:_fill_note_content:502 - ✅ 标题已填写: 夏日避暑秘籍 ️，旅摄达人必看！
2025-07-03 20:49:37.482 | INFO     | src.xiaohongshu.client:_fill_note_content:509 - 📝 填写内容...
2025-07-03 20:49:37.495 | INFO     | src.xiaohongshu.client:_fill_note_content:526 - ✅ 找到内容输入框: .ql-editor
2025-07-03 20:49:39.555 | INFO     | src.xiaohongshu.client:_fill_note_content:548 - ✅ 内容已填写
2025-07-03 20:49:39.555 | INFO     | src.xiaohongshu.client:_fill_note_content:556 - 🏷️ 开始填写话题: ['夏日避暑秘籍', '旅摄达人必看', '清凉一夏']
2025-07-03 20:49:39.555 | INFO     | src.xiaohongshu.components.content_filler:fill_topics:116 - 🏷️ 开始填写话题: ['夏日避暑秘籍', '旅摄达人必看', '清凉一夏']
2025-07-03 20:49:42.459 | INFO     | src.xiaohongshu.components.content_filler:_find_content_editor:231 - ✅ 找到内容编辑器
2025-07-03 20:49:42.459 | INFO     | src.xiaohongshu.components.content_filler:_perform_topics_automation:361 - ✅ 找到内容编辑器，开始添加 3 个话题
2025-07-03 20:49:43.289 | INFO     | src.xiaohongshu.components.content_filler:_perform_topics_automation:378 - 🏷️ 添加话题 1/3: 夏日避暑秘籍
2025-07-03 20:49:48.155 | INFO     | src.xiaohongshu.components.content_filler:_perform_topics_automation:388 - ✅ 话题 '夏日避暑秘籍' 转换成功
2025-07-03 20:49:48.400 | INFO     | src.xiaohongshu.components.content_filler:_perform_topics_automation:378 - 🏷️ 添加话题 2/3: 旅摄达人必看
2025-07-03 20:49:53.333 | INFO     | src.xiaohongshu.components.content_filler:_perform_topics_automation:388 - ✅ 话题 '旅摄达人必看' 转换成功
2025-07-03 20:49:53.571 | INFO     | src.xiaohongshu.components.content_filler:_perform_topics_automation:378 - 🏷️ 添加话题 3/3: 清凉一夏
2025-07-03 20:49:58.076 | INFO     | src.xiaohongshu.components.content_filler:_perform_topics_automation:388 - ✅ 话题 '清凉一夏' 转换成功
2025-07-03 20:49:58.076 | INFO     | src.xiaohongshu.components.content_filler:_perform_topics_automation:405 - ✅ 话题添加完成: 3/3 个成功
2025-07-03 20:49:58.077 | INFO     | src.xiaohongshu.client:_fill_note_content:559 - ✅ 话题填写成功
2025-07-03 20:50:00.079 | INFO     | src.xiaohongshu.client:_submit_note:574 - 🚀 点击发布按钮...
2025-07-03 20:50:00.098 | INFO     | src.xiaohongshu.client:_submit_note:594 - ✅ 找到发布按钮: .publishBtn
2025-07-03 20:50:00.379 | INFO     | src.xiaohongshu.client:_submit_note:603 - ✅ 发布按钮已点击
2025-07-03 20:50:03.391 | INFO     | src.xiaohongshu.client:_submit_note:607 - 📍 发布后页面URL: https://creator.xiaohongshu.com/publish/success?source&bind_status=not_bind&__debugger__=&proxy=
